[WebServer] (node:25552) Warning: The 'NO_COLOR' env is ignored due to the 'FORCE_COLOR' env being set.
[WebServer] (Use `node --trace-warnings ...` to show where the warning was created)

[WebServer] (node:25553) Warning: The 'NO_COLOR' env is ignored due to the 'FORCE_COLOR' env being set.
[WebServer] (Use `node --trace-warnings ...` to show where the warning was created)


Running 25 tests using 1 worker

(node:25560) Warning: The 'NO_COLOR' env is ignored due to the 'FORCE_COLOR' env being set.
(Use `node --trace-warnings ...` to show where the warning was created)


[1/25] [chromium] › tests/e2e/editor-conversion.e2e.ts:26:1 › T53.2 cancel keeps the document, draft and saved copy untouched
[2/25] [chromium] › tests/e2e/editor-conversion.e2e.ts:43:1 › T53.2 accepting opens a new graph document without overwriting the original
[3/25] [chromium] › tests/e2e/editor-conversion.e2e.ts:67:1 › stale conversion confirmation keeps the intervening edit and history
[4/25] [chromium] › tests/e2e/editor-html.e2e.ts:91:1 › T38.1 the artifact works from file:// with zero network and zero storage
[5/25] [chromium] › tests/e2e/editor-html.e2e.ts:169:1 › T38.2 malicious labels stay data and the source JSON only travels explicitly
[6/25] [chromium] › tests/e2e/editor-html.e2e.ts:229:1 › portable metadata is allowlisted and independent from source inclusion
[7/25] [chromium] › tests/e2e/editor-html.e2e.ts:281:1 › the CSP only allows the exact runtime hash and blocks added inline scripts
[8/25] [chromium] › tests/e2e/editor-html.e2e.ts:299:1 › the export theme override reaches the hydrated standalone runtime
[9/25] [chromium] › tests/e2e/editor-html.e2e.ts:306:1 › custom node rendering survives standalone boot without executable renderer code
[10/25] [chromium] › tests/e2e/export-dialog.e2e.ts:24:1 › Playground exports fresh JSON, SVG and PNG from the current document
[11/25] [chromium] › tests/e2e/export-dialog.e2e.ts:38:1 › selection scope is disabled without a selection and never falls back to the document
[12/25] [chromium] › tests/e2e/export-dialog.e2e.ts:61:1 › raster formats are gated by an actual encoder probe, never by a declared mime type
[13/25] [chromium] › tests/e2e/export-dialog.e2e.ts:115:1 › webm gating reports the real engine capability without a hidden fallback
[14/25] [chromium] › tests/e2e/export-dialog.e2e.ts:125:1 › JPEG cannot be transparent and the dialog says so instead of changing the request
[15/25] [chromium] › tests/e2e/export-dialog.e2e.ts:140:1 › source inclusion is opt-in, disclosed and leaves JSON as the canonical document
[16/25] [chromium] › tests/e2e/export-dialog.e2e.ts:160:1 › an in-flight export reports progress and cancellations keep the last valid state
[17/25] [chromium] › tests/e2e/export-dialog.e2e.ts:191:1 › the card export keeps its declared 1200x630 surface
[18/25] [chromium] › tests/e2e/export-dialog.e2e.ts:211:1 › HTML export reuses the public standalone runtime instead of a parallel renderer
[19/25] [chromium] › tests/e2e/export-dialog.e2e.ts:229:1 › the global appearance reaches visual exports while JSON stays canonical
[20/25] [chromium] › tests/e2e/playground-handoff.e2e.ts:10:1 › Full studio opens the current Playground document
[21/25] [chromium] › tests/e2e/playground-handoff.e2e.ts:20:1 › local recovery restores an unsaved playground session after reload
[22/25] [chromium] › tests/e2e/playground-handoff.e2e.ts:35:1 › internal navigation warns before dropping unsaved work
[23/25] [chromium] › tests/e2e/playground-handoff.e2e.ts:49:1 › an unapplied JSON draft offers Apply, Discard or Cancel before leaving
[24/25] [chromium] › tests/e2e/playground-handoff.e2e.ts:72:1 › Reset protects an unapplied draft and only clears recovery after success
[25/25] [chromium] › tests/e2e/playground-handoff.e2e.ts:94:1 › recovered edits stay dirty and are protected from Reset
  25 passed (15.6s)
