validate null THREW Cannot read properties of null (reading 'ok')
measure null THREW Cannot read properties of null (reading 'width')
renderSvg "" ok true diagnostics [
  {
    code: 'export.font-fallback',
    path: '/',
    message: 'export.font-fallback',
    severity: 'warning',
    supportedFixes: []
  }
] false
renderSvg {} ok true diagnostics [
  {
    code: 'export.font-fallback',
    path: '/',
    message: 'export.font-fallback',
    severity: 'warning',
    supportedFixes: []
  }
] true
