
> @aesthc/diagram-lib@0.3.0 test:e2e /Users/alansalazar/development-projects/personal-proyects/aesthc-diagram-lib
> playwright test --project=chromium --project=mobile-chromium --update-snapshots=none --reporter=list --output=/tmp/aesthc-audit-20261002/e2e-artifacts

[WebServer] (node:55271) Warning: The 'NO_COLOR' env is ignored due to the 'FORCE_COLOR' env being set.
[WebServer] (Use `node --trace-warnings ...` to show where the warning was created)
[WebServer] (node:55272) Warning: The 'NO_COLOR' env is ignored due to the 'FORCE_COLOR' env being set.
[WebServer] (Use `node --trace-warnings ...` to show where the warning was created)

Running 416 tests using 2 workers

(node:55294) Warning: The 'NO_COLOR' env is ignored due to the 'FORCE_COLOR' env being set.
(Use `node --trace-warnings ...` to show where the warning was created)
(node:55293) Warning: The 'NO_COLOR' env is ignored due to the 'FORCE_COLOR' env being set.
(Use `node --trace-warnings ...` to show where the warning was created)
  ✓    1 [mobile-chromium] › tests/e2e/adoption.e2e.ts:4:1 › landing links reach adoption tools and editors mount only on demand (591ms)
  ✓    3 [mobile-chromium] › tests/e2e/adoption.e2e.ts:19:1 › capabilities are a static section with no disclosure pattern (257ms)
  -    4 [mobile-chromium] › tests/e2e/adoption.e2e.ts:29:1 › landing presentation preserves both locales and themes at narrow and desktop widths
  -    5 [mobile-chromium] › tests/e2e/diagram-labels.e2e.ts:88:7 › example-sequence EN keeps labels inside pills at ~50%
  -    6 [mobile-chromium] › tests/e2e/diagram-labels.e2e.ts:88:7 › example-sequence EN keeps labels inside pills at ~100%
  -    7 [mobile-chromium] › tests/e2e/diagram-labels.e2e.ts:88:7 › example-sequence EN keeps labels inside pills at ~200%
  -    8 [mobile-chromium] › tests/e2e/diagram-labels.e2e.ts:88:7 › example-sequence ES keeps labels inside pills at ~50%
  ✓    2 [mobile-chromium] › tests/e2e/diagram-backdrop.e2e.ts:186:1 › gallery cards use one masked backdrop and never mask the diagram (1.5s)
  -    9 [mobile-chromium] › tests/e2e/diagram-labels.e2e.ts:88:7 › example-sequence ES keeps labels inside pills at ~100%
  -   11 [mobile-chromium] › tests/e2e/diagram-labels.e2e.ts:88:7 › example-sequence ES keeps labels inside pills at ~200%
  -   12 [mobile-chromium] › tests/e2e/diagram-labels.e2e.ts:88:7 › example-band EN keeps labels inside pills at ~50%
  -   13 [mobile-chromium] › tests/e2e/diagram-labels.e2e.ts:88:7 › example-band EN keeps labels inside pills at ~100%
  -   14 [mobile-chromium] › tests/e2e/diagram-labels.e2e.ts:88:7 › example-band EN keeps labels inside pills at ~200%
  ✓   10 [mobile-chromium] › tests/e2e/diagram-backdrop.e2e.ts:306:1 › the scale instrument detects height-limited framing (462ms)
  -   15 [mobile-chromium] › tests/e2e/diagram-labels.e2e.ts:88:7 › example-band ES keeps labels inside pills at ~50%
  -   17 [mobile-chromium] › tests/e2e/diagram-labels.e2e.ts:88:7 › example-band ES keeps labels inside pills at ~100%
  ✓   16 [mobile-chromium] › tests/e2e/diagram-backdrop.e2e.ts:335:1 › cropped landing showcases hint the crop without masking the SVG (252ms)
  -   18 [mobile-chromium] › tests/e2e/diagram-labels.e2e.ts:88:7 › example-band ES keeps labels inside pills at ~200%
  ✓   20 [mobile-chromium] › tests/e2e/diagram-labels.e2e.ts:103:1 › the exported SVG centers labels and keeps them inside the pill (459ms)
  ✓   21 [mobile-chromium] › tests/e2e/diagram-labels.e2e.ts:140:1 › the longest shipped lane label fits its header with loaded fonts (262ms)
  ✓   19 [mobile-chromium] › tests/e2e/diagram-backdrop.e2e.ts:366:1 › docs previews use one masked backdrop, fitted with no amputation (806ms)
  ✓   23 [mobile-chromium] › tests/e2e/diagram-backdrop.e2e.ts:428:1 › contrast instrument detects invisible paint, dimmed groups and SVG surfaces (275ms)
  ✓   22 [mobile-chromium] › tests/e2e/docs-react.e2e.ts:4:1 › React docs preserve shell, sidebar scroll, history, metadata and focus without document reloads (571ms)
  ✓   24 [mobile-chromium] › tests/e2e/diagram-backdrop.e2e.ts:518:1 › nodes are opaque and semantic strokes keep 3:1 over their surface (411ms)
  ✓   26 [mobile-chromium] › tests/e2e/diagram-backdrop.e2e.ts:543:1 › lifelines, lanes, ER separators and states stay above the dots (658ms)
  ✓   25 [mobile-chromium] › tests/e2e/docs-react.e2e.ts:61:1 › system theme follows OS, persists explicit selection and synchronizes tabs (842ms)
  ✓   28 [mobile-chromium] › tests/e2e/docs-react.e2e.ts:87:1 › blocked preference storage still allows theme changes and keyboard selection (352ms)
  ✓   29 [mobile-chromium] › tests/e2e/docs-react.e2e.ts:109:1 › Geist reading rhythm excludes diagrams and fonts survive standalone export (471ms)
  ✓   27 [mobile-chromium] › tests/e2e/diagram-backdrop.e2e.ts:582:1 › every editor structure keeps 3:1 in both themes (1.1s)
  ✓   30 [mobile-chromium] › tests/e2e/docs-react.e2e.ts:144:1 › explicit example actions stay operable and code scroll uses a bounded viewport (466ms)
  ✓   31 [mobile-chromium] › tests/e2e/diagram-backdrop.e2e.ts:603:1 › editor grid is one masked viewport layer and the document grid stays out (243ms)
  ✓   32 [mobile-chromium] › tests/e2e/docs-react.e2e.ts:171:1 › unknown routes, malformed anchors and readable long source never break the docs shell (432ms)
  ✓   34 [mobile-chromium] › tests/e2e/docs-react.e2e.ts:197:1 › repeated example toggles never leave hidden focusable content behind (426ms)
  ✓   35 [mobile-chromium] › tests/e2e/docs-react.e2e.ts:213:1 › reading scroll remains native for wheel and touch gestures (399ms)
  ✓   36 [mobile-chromium] › tests/e2e/docs-react.e2e.ts:249:1 › returning during a pending route aborts the request and clears the busy state (432ms)
  ✓   37 [mobile-chromium] › tests/e2e/docs-react.e2e.ts:265:1 › headers keep one Docs label, compact theme controls and icon-only GitHub with one home license mention (549ms)
  ✓   38 [mobile-chromium] › tests/e2e/docs-react.e2e.ts:295:1 › installation uses colored brand tabs, an underline, icon-only copy and a separate shell prompt (1.0s)
  ✓   39 [mobile-chromium] › tests/e2e/docs-react.e2e.ts:374:1 › formal web scale bounds headings, installation icons and headers across viewports (1.1s)
  ✓   40 [mobile-chromium] › tests/e2e/docs-react.e2e.ts:429:1 › ER type and unique annotations do not overlap each other or field names (297ms)
  ✓   41 [mobile-chromium] › tests/e2e/docs-react.e2e.ts:449:1 › architecture showcase switches concrete service flows, failures and locales without stale selection (1.4s)
  ✓   33 [mobile-chromium] › tests/e2e/docs.e2e.ts:7:1 › docs navigation, real previews, downloads and heading anchors are complete (6.3s)
  ✓   43 [mobile-chromium] › tests/e2e/docs.e2e.ts:49:1 › documentation previews open the relevant playground section (561ms)
  ✓   44 [mobile-chromium] › tests/e2e/docs.e2e.ts:61:1 › search supports keyboard navigation, empty results and versioned pages (711ms)
  ✓   45 [mobile-chromium] › tests/e2e/docs.e2e.ts:85:1 › package manager preference is shared with playground and survives invalid storage (773ms)
  ✓   46 [mobile-chromium] › tests/e2e/docs.e2e.ts:118:1 › copy uses the selected command and provides real clipboard feedback (548ms)
  ✓   42 [mobile-chromium] › tests/e2e/drafts.e2e.ts:9:1 › opt-in raw draft recovery is explicit and validates before applying (3.2s)
  ✓   47 [mobile-chromium] › tests/e2e/docs.e2e.ts:142:3 › light docs have restrained Geist controls, accessible contrast and no page overflow (938ms)
  ✓   48 [mobile-chromium] › tests/e2e/drafts.e2e.ts:33:1 › raw invalid edits survive locale round trips without persistence (1.3s)
  ✓   49 [mobile-chromium] › tests/e2e/docs.e2e.ts:142:3 › dark docs have restrained Geist controls, accessible contrast and no page overflow (782ms)
  ✓   51 [mobile-chromium] › tests/e2e/docs.e2e.ts:195:1 › mobile navigation is a static section with no disclosure and works without JavaScript (744ms)
  ✓   50 [mobile-chromium] › tests/e2e/drafts.e2e.ts:56:1 › blocked draft storage shows a warning and oversized counts retain preview (1.0s)
  ✓   53 [mobile-chromium] › tests/e2e/drafts.e2e.ts:78:1 › a shared locale opens without overwriting a saved local draft (730ms)
  ✓   54 [mobile-chromium] › tests/e2e/editor-accessibility.e2e.ts:11:1 › T44.1 the full editing workflow runs with the keyboard alone (815ms)
  ✓   55 [mobile-chromium] › tests/e2e/editor-accessibility.e2e.ts:58:1 › T44.2 editor shortcuts do not hijack keys while focus is outside the canvas (418ms)
  ✓   56 [mobile-chromium] › tests/e2e/editor-accessibility.e2e.ts:73:1 › T44.2 the editor stays operable and unclipped at 200% page zoom (312ms)
  ✓   52 [mobile-chromium] › tests/e2e/docs.e2e.ts:230:3 › light layout previews preserve geometry, center plain labels and mask the grid under nodes (2.6s)
  ✓   57 [mobile-chromium] › tests/e2e/editor-accessibility.e2e.ts:110:1 › T44.3 viewer, lenses, collapse, story and M3 controls have no serious axe violations (2.0s)
  ✓   58 [mobile-chromium] › tests/e2e/docs.e2e.ts:230:3 › dark layout previews preserve geometry, center plain labels and mask the grid under nodes (2.4s)
  ✓   60 [mobile-chromium] › tests/e2e/editor-compare.e2e.ts:114:1 › T49.2 before/delta/after navigation keeps exact IDs and exports a receipt (988ms)
  ✓   61 [mobile-chromium] › tests/e2e/editor-compare.e2e.ts:169:1 › T49.2 an incompatible document rejects without mutating the preview (217ms)
  -   62 [mobile-chromium] › tests/e2e/editor-connections.e2e.ts:12:1 › drag from the connect handle to a target creates one undoable relation
  -   63 [mobile-chromium] › tests/e2e/editor-connections.e2e.ts:39:1 › dropping the connect drag on empty canvas cancels without changes
  ✓   64 [mobile-chromium] › tests/e2e/editor-connections.e2e.ts:62:1 › keyboard connect mode links the focused target and Escape cancels (380ms)
  ✓   65 [mobile-chromium] › tests/e2e/editor-conversion.e2e.ts:24:1 › T53.2 cancel keeps the document, draft and saved copy untouched (431ms)
  ✓   59 [mobile-chromium] › tests/e2e/editor-cards.e2e.ts:42:1 › T41.1 route and reach cards decode at 1200x630 with an exact non-canonical receipt (2.6s)
  ✓   67 [mobile-chromium] › tests/e2e/editor-cards.e2e.ts:78:1 › T41.1 the card SVG fits the whole graph, marks exact parallel ids and reports canonical=false (9ms)
  ✓   68 [mobile-chromium] › tests/e2e/editor-crud.e2e.ts:55:1 › T16.1 IME composition never commits intermediate text and applies once on confirm (389ms)
  ✓   66 [mobile-chromium] › tests/e2e/editor-conversion.e2e.ts:41:1 › T53.2 accepting opens a new graph document without overwriting the original (585ms)
  ✓   69 [mobile-chromium] › tests/e2e/editor-crud.e2e.ts:82:1 › T16.1 composition left unconfirmed persists nothing (354ms)
  ✓   70 [mobile-chromium] › tests/e2e/editor-design.e2e.ts:5:5 › T45 en layout stays coherent at 360px (291ms)
  ✓   72 [mobile-chromium] › tests/e2e/editor-design.e2e.ts:5:5 › T45 es layout stays coherent at 360px (366ms)
  ✓   71 [mobile-chromium] › tests/e2e/editor-crud.e2e.ts:99:1 › T16.1 labels stay literal text without executing markup (420ms)
  ✓   74 [mobile-chromium] › tests/e2e/editor-crud.e2e.ts:124:1 › T16.1 the JSON draft stays uncommitted while text is composed (418ms)
  ✓   73 [mobile-chromium] › tests/e2e/editor-design.e2e.ts:5:5 › T45 en layout stays coherent at 768px (436ms)
  ✓   76 [mobile-chromium] › tests/e2e/editor-design.e2e.ts:5:5 › T45 es layout stays coherent at 768px (366ms)
  ✓   75 [mobile-chromium] › tests/e2e/editor-crud.e2e.ts:145:1 › portable composition event adapter preserves the draft until explicit apply (416ms)
  -   78 [mobile-chromium] › tests/e2e/editor-drag.e2e.ts:47:3 › drag moves example-flowchart and persists with one undo entry
  -   79 [mobile-chromium] › tests/e2e/editor-drag.e2e.ts:47:3 › drag moves example-er and persists with one undo entry
  -   80 [mobile-chromium] › tests/e2e/editor-drag.e2e.ts:47:3 › drag moves example-state-machine and persists with one undo entry
  ✓   77 [mobile-chromium] › tests/e2e/editor-design.e2e.ts:5:5 › T45 en layout stays coherent at 1440px (427ms)
  -   81 [mobile-chromium] › tests/e2e/editor-drag.e2e.ts:47:3 › drag moves example-band and persists with one undo entry
  -   83 [mobile-chromium] › tests/e2e/editor-drag.e2e.ts:47:3 › drag moves example-swimlane and persists with one undo entry
  -   84 [mobile-chromium] › tests/e2e/editor-drag.e2e.ts:47:3 › drag moves example-sequence and persists with one undo entry
  -   85 [mobile-chromium] › tests/e2e/editor-drag.e2e.ts:47:3 › drag moves example-timeline and persists with one undo entry
  ✓   82 [mobile-chromium] › tests/e2e/editor-design.e2e.ts:5:5 › T45 es layout stays coherent at 1440px (457ms)
  -   86 [mobile-chromium] › tests/e2e/editor-drag.e2e.ts:70:1 › dragging an imported graph node persists its scene position
  -   87 [mobile-chromium] › tests/e2e/editor-drag.e2e.ts:100:1 › drag previews and commits updated connections
  -   89 [mobile-chromium] › tests/e2e/editor-drag.e2e.ts:113:1 › a locked node refuses to move
  -   90 [mobile-chromium] › tests/e2e/editor-drag.e2e.ts:125:1 › a canceled drag rolls back with no history entry
  ✓   88 [mobile-chromium] › tests/e2e/editor-export-failures.e2e.ts:15:1 › T28.2 exported SVG reparses as well-formed XML with resolvable ids and no handlers (386ms)
  -   91 [mobile-chromium] › tests/e2e/editor-drag.e2e.ts:150:1 › Pan mode drags the camera and leaves the document untouched
  ✓   93 [mobile-chromium] › tests/e2e/editor-formats.e2e.ts:5:1 › T42.1 a browser without real WebP disables the format instead of renaming a PNG (336ms)
  ✓   92 [mobile-chromium] › tests/e2e/editor-export-failures.e2e.ts:45:1 › T29.2 raster image failures report precise codes and a retry succeeds (613ms)
  ✓   94 [mobile-chromium] › tests/e2e/editor-formats.e2e.ts:20:1 › T42.1 a WebP encode that returns PNG fails with export.mime and downloads nothing (542ms)
  ✓   96 [mobile-chromium] › tests/e2e/editor-formats.e2e.ts:42:1 › T42.1 JPEG never silently changes a transparent background (2ms)
  ✓   95 [mobile-chromium] › tests/e2e/editor-export-failures.e2e.ts:75:1 › T29.2 a null canvas blob fails encoding without reporting success (515ms)
  ✓   97 [mobile-chromium] › tests/e2e/editor-grid-order.e2e.ts:102:1 › the grid layer paints below the confirmed geometry (277ms)
  -   99 [mobile-chromium] › tests/e2e/editor-grid-order.e2e.ts:129:1 › toggling the grid never changes opaque card interiors
  -  100 [mobile-chromium] › tests/e2e/editor-grid-order.e2e.ts:178:1 › undo restores the dragged node and does not touch the grid state
  -  101 [mobile-chromium] › tests/e2e/editor-grid-order.e2e.ts:240:1 › the gesture preview also ignores the grid on card interiors
  ✓   98 [mobile-chromium] › tests/e2e/editor-export-failures.e2e.ts:88:1 › T39.2 exports keep notes, links and extensions out of the SVG and JSON carries source (523ms)
  -  102 [mobile-chromium] › tests/e2e/editor-grid.e2e.ts:143:1 › grid covers the viewport in every corner and reacts to pan and resize
  ✓  104 [mobile-chromium] › tests/e2e/editor-grid.e2e.ts:211:1 › Show grid removes the single grid layer everywhere (355ms)
  ✓  105 [mobile-chromium] › tests/e2e/editor-motion.e2e.ts:81:1 › T52.1 a supported codec records a decodable, bounded file with no camera access (1.6s)
  ✓  103 [mobile-chromium] › tests/e2e/editor-html.e2e.ts:64:1 › T38.1 the artifact works from file:// with zero network and zero storage (2.2s)
  ✓  106 [mobile-chromium] › tests/e2e/editor-motion.e2e.ts:158:1 › T52.2 reduced motion, missing codecs and cancellation never report a false success (358ms)
  ✓  108 [mobile-chromium] › tests/e2e/editor-motion.e2e.ts:175:1 › T52.2 a browser without a WebM codec disables recording instead of producing a file (429ms)
  ✓  109 [mobile-chromium] › tests/e2e/editor-motion.e2e.ts:193:1 › T52.2 cancelling a recording releases the canvas tracks without a download (447ms)
  ✓  107 [mobile-chromium] › tests/e2e/editor-html.e2e.ts:142:1 › T38.2 malicious labels stay data and the source JSON only travels explicitly (1.3s)
  ✓  111 [mobile-chromium] › tests/e2e/editor-quality.e2e.ts:73:1 › T36.2 publish export measures long labels with embedded fonts without clipping (616ms)
  ✓  110 [mobile-chromium] › tests/e2e/editor-profiles.e2e.ts:76:1 › T51.2 an invalid deployment profile is not auto-disabled and its diagnostics navigate (1.1s)
  ✓  112 [mobile-chromium] › tests/e2e/editor-quality.e2e.ts:105:1 › T36.2 missing font metrics surface an actionable error and never a false success (989ms)
  ✓  113 [mobile-chromium] › tests/e2e/editor-security.e2e.ts:9:1 › T55.2 forged storage is quarantined without executing its payload (1.9s)
  ✓  115 [mobile-chromium] › tests/e2e/editor-security.e2e.ts:39:1 › T55.2 hostile imports stay literal and dangerous schemes are rejected before layout (564ms)
  ✓  116 [mobile-chromium] › tests/e2e/editor-theme.e2e.ts:58:3 › global theme reaches every example-band surface (531ms)
  ✓  114 [mobile-chromium] › tests/e2e/editor-share.e2e.ts:69:1 › T40.2 an oversized share link offers a local JSON download and never announces success (2.4s)
  ✓  117 [mobile-chromium] › tests/e2e/editor-theme.e2e.ts:58:3 › global theme reaches every example-flowchart surface (445ms)
  ✓  118 [mobile-chromium] › tests/e2e/editor-share.e2e.ts:89:1 › T40.2 a denied clipboard falls back to the JSON download message without a false success (369ms)
  ✓  119 [mobile-chromium] › tests/e2e/editor-theme.e2e.ts:58:3 › global theme reaches every example-sequence surface (389ms)
  ✓  121 [mobile-chromium] › tests/e2e/editor-theme.e2e.ts:58:3 › global theme reaches every example-state-machine surface (400ms)
  ✓  122 [mobile-chromium] › tests/e2e/editor-theme.e2e.ts:58:3 › global theme reaches every example-er surface (461ms)
  ✓  120 [mobile-chromium] › tests/e2e/editor-share.e2e.ts:104:1 › T40.2 a shared link opens the shared document in a fresh context (1.1s)
  ✓  123 [mobile-chromium] › tests/e2e/editor-theme.e2e.ts:58:3 › global theme reaches every example-timeline surface (336ms)
  ✓  125 [mobile-chromium] › tests/e2e/editor-theme.e2e.ts:58:3 › global theme reaches every example-swimlane surface (392ms)
  ✓  124 [mobile-chromium] › tests/e2e/editor-toolbar.e2e.ts:67:5 › toolbar never overlaps or clips at 390px (en) (721ms)
  ✓  126 [mobile-chromium] › tests/e2e/editor-theme.e2e.ts:70:1 › theme switch is not a document edit and never exposes a second control (505ms)
  ✓  127 [mobile-chromium] › tests/e2e/editor-toolbar.e2e.ts:67:5 › toolbar never overlaps or clips at 390px (es) (887ms)
  ✓  128 [mobile-chromium] › tests/e2e/editor-theme.e2e.ts:89:1 › an imported light document renders dark under the dark host without rewriting JSON (473ms)
  ✓  130 [mobile-chromium] › tests/e2e/editor-touch.e2e.ts:3:1 › two-finger pinch pans and zooms without committing node edits (412ms)
  -  131 [mobile-chromium] › tests/e2e/editor-touch.e2e.ts:43:1 › ordinary wheel scrolls the page and modified wheel zooms only the canvas
  -  132 [mobile-chromium] › tests/e2e/editor-touch.e2e.ts:66:1 › Space drag pans without moving nodes or creating undo entries
  ✓  129 [mobile-chromium] › tests/e2e/editor-toolbar.e2e.ts:67:5 › toolbar never overlaps or clips at 768px (en) (859ms)
  ✓  134 [mobile-chromium] › tests/e2e/editor-toolbar.e2e.ts:67:5 › toolbar never overlaps or clips at 768px (es) (853ms)
  ✓  133 [mobile-chromium] › tests/e2e/editor-touch.e2e.ts:90:1 › long touch selects without dragging, opening callouts or committing edits (1.1s)
  ✓  136 [mobile-chromium] › tests/e2e/editor-viewer-e14.e2e.ts:3:1 › T33.1 lens dims by roles without touching topology, collapse keeps original edge IDs (522ms)
  ✓  135 [mobile-chromium] › tests/e2e/editor-toolbar.e2e.ts:67:5 › toolbar never overlaps or clips at 1280px (en) (1.0s)
  ✓  138 [mobile-chromium] › tests/e2e/editor-toolbar.e2e.ts:67:5 › toolbar never overlaps or clips at 1280px (es) (884ms)
  ✓  139 [mobile-chromium] › tests/e2e/editor-toolbar.e2e.ts:67:5 › toolbar never overlaps or clips at 1440px (en) (753ms)
  ✓  140 [mobile-chromium] › tests/e2e/editor-toolbar.e2e.ts:67:5 › toolbar never overlaps or clips at 1440px (es) (798ms)
  ✓  141 [mobile-chromium] › tests/e2e/editor-toolbar.e2e.ts:67:5 › toolbar never overlaps or clips at 1920px (en) (826ms)
  ✓  137 [mobile-chromium] › tests/e2e/editor-viewer-e14.e2e.ts:38:1 › T34.2 story playback is finite, manual and stops on Escape, hidden tab and reduced motion (3.8s)
  ✓  143 [mobile-chromium] › tests/e2e/editor-viewer-e14.e2e.ts:77:1 › T34.2 reduced motion shows static steps with working Next/Previous and disables Play (330ms)
  ✓  144 [mobile-chromium] › tests/e2e/editor-viewer-e14.e2e.ts:95:1 › T35.1 presentation falls back when fullscreen is denied and restores focus on exit (369ms)
  ✓  142 [mobile-chromium] › tests/e2e/editor-toolbar.e2e.ts:67:5 › toolbar never overlaps or clips at 1920px (es) (1.0s)
  ✓  145 [mobile-chromium] › tests/e2e/editor-viewer.e2e.ts:82:1 › T32.1 finder orders results deterministically and announces zero results (327ms)
  -  146 [mobile-chromium] › tests/e2e/editor-viewport.e2e.ts:19:5 › viewport math under transforms › retina DPR 2 › T07.2 a screen drag applies the world delta once without double transformation
  -  148 [mobile-chromium] › tests/e2e/editor-viewport.e2e.ts:30:3 › viewport math under transforms › T07.2 CSS-scaled canvas with letterbox maps screen deltas through the CTM
  -  149 [mobile-chromium] › tests/e2e/editor-viewport.e2e.ts:52:1 › T08.1 the middle mouse button pans the camera without touching the document
  ✓  147 [mobile-chromium] › tests/e2e/editor-viewer.e2e.ts:111:1 › T32.1 parallel relations keep their exact IDs in the inspector (326ms)
  ✓  151 [mobile-chromium] › tests/e2e/editor-viewer.e2e.ts:129:1 › T32.2 a stale query invalidates highlight and export when the document changes (379ms)
  ✓  150 [mobile-chromium] › tests/e2e/editor-viewport.e2e.ts:71:1 › T09.1 a node id equal to an edge id stays a distinct selectable entity (481ms)
  -  153 [mobile-chromium] › tests/e2e/editor-viewport.e2e.ts:98:1 › the gesture baseline refreshes after content changes between drags
  ✓  152 [mobile-chromium] › tests/e2e/editor-viewer.e2e.ts:154:1 › camera fit centers the diagram and the minimap scales inside its frame (242ms)
  ✓  155 [mobile-chromium] › tests/e2e/editor-viewer.e2e.ts:180:1 › viewer entry loads Geist and the shared host tokens over a viewport backdrop (422ms)
  ✓  154 [mobile-chromium] › tests/e2e/light-theme.e2e.ts:5:1 › light surfaces and diagram detail survive theme switches and SVG export (584ms)
  ✓  156 [mobile-chromium] › tests/e2e/onboarding.e2e.ts:3:1 › release onboarding is explicit and generated pages link to their source (523ms)
  ✓  158 [mobile-chromium] › tests/e2e/onboarding.e2e.ts:20:1 › static discovery metadata and missing-page recovery are usable without JavaScript (377ms)
  ✓  157 [mobile-chromium] › tests/e2e/light-theme.e2e.ts:46:3 › light band text and controls retain accessible contrast (1.0s)
  ✓  159 [mobile-chromium] › tests/e2e/playground-editor.e2e.ts:3:1 › direct playground entry loads shared styles and the editor workspace (312ms)
  ✓  161 [mobile-chromium] › tests/e2e/playground-editor.e2e.ts:37:1 › playground edits the document, undoes and keeps drafts per type (766ms)
  ✓  160 [mobile-chromium] › tests/e2e/light-theme.e2e.ts:46:3 › dark band text and controls retain accessible contrast (1.0s)
  ✓  163 [mobile-chromium] › tests/e2e/playground.e2e.ts:6:1 › seven types render with unique SVG IDs in both themes (607ms)
  ✓  162 [mobile-chromium] › tests/e2e/playground-editor.e2e.ts:86:1 › a deferred import cannot land on a different example (1.3s)
  ✓  165 [mobile-chromium] › tests/e2e/playground-editor.e2e.ts:122:1 › import confirms the history reset and reports the applied result (213ms)
  ✓  166 [mobile-chromium] › tests/e2e/playground-editor.e2e.ts:147:1 › invalid JSON keeps the last valid canvas and shows diagnostics (274ms)
  ✓  164 [mobile-chromium] › tests/e2e/playground.e2e.ts:36:1 › invalid JSON retains the last valid preview and draft across tabs (1.2s)
  ✓  167 [mobile-chromium] › tests/e2e/playground-editor.e2e.ts:160:1 › camera zoom and pan survive example switching and Fit still works (486ms)
  ✓  168 [mobile-chromium] › tests/e2e/playground.e2e.ts:54:1 › share roundtrip restores spec and locale (436ms)
  ✓  169 [mobile-chromium] › tests/e2e/playground-editor.e2e.ts:201:1 › keyboard selects a node in the editor and Escape clears it (244ms)
  -  171 [mobile-chromium] › tests/e2e/presentation-assets.e2e.ts:5:1 › regenerate presentation assets from the public playground
  -  172 [mobile-chromium] › tests/e2e/snapshots.e2e.ts:17:1 › frozen A remains complete after rebuilding and serving only B
  ✓  170 [mobile-chromium] › tests/e2e/playground.e2e.ts:65:1 › panel exports JSON, SVG and PNG (531ms)
  ✓  174 [mobile-chromium] › tests/e2e/playground.e2e.ts:78:1 › static docs and agent entrypoint work without JavaScript (290ms)
  ✓  173 [mobile-chromium] › tests/e2e/studio.e2e.ts:29:1 › Studio edits, undoes, validates drafts and restores a saved document (645ms)
  -  176 [mobile-chromium] › tests/e2e/studio.e2e.ts:54:1 › Studio pointer drag is one transaction and keyboard movement is undoable
  ✓  177 [mobile-chromium] › tests/e2e/studio.e2e.ts:77:1 › Studio exports fresh SVG, PNG and JSON, supports both themes and Spanish (498ms)
  ✓  175 [mobile-chromium] › tests/e2e/playground.e2e.ts:89:1 › core page has no serious or critical accessibility violations (873ms)
  ✓  178 [mobile-chromium] › tests/e2e/studio.e2e.ts:116:1 › Studio creates, resizes, connects, duplicates and groups nodes (629ms)
  ✓  179 [mobile-chromium] › tests/e2e/playground.e2e.ts:100:1 › compact diagram actions expose icons, integration prompt and one reusable export dropdown (748ms)
  ✓  180 [mobile-chromium] › tests/e2e/studio.e2e.ts:150:1 › Studio visual evidence has loaded fonts, bounded controls and no horizontal overflow (737ms)
  ✓  181 [mobile-chromium] › tests/e2e/theme-feedback.e2e.ts:4:3 › invalid theme edits preserve readable host and last valid preview: en (588ms)
  ✓  183 [mobile-chromium] › tests/e2e/theme-feedback.e2e.ts:61:5 › installation controls do not overlap: en 320 (429ms)
  ✓  184 [mobile-chromium] › tests/e2e/theme-feedback.e2e.ts:61:5 › installation controls do not overlap: en 360 (450ms)
  ✓  182 [mobile-chromium] › tests/e2e/studio.e2e.ts:167:1 › Studio has no serious automated accessibility violations in either theme (1.4s)
  ✓  185 [mobile-chromium] › tests/e2e/theme-feedback.e2e.ts:61:5 › installation controls do not overlap: en 390 (528ms)
  -  186 [mobile-chromium] › tests/e2e/studio.e2e.ts:182:1 › Studio marquee selects across zoom, cancels without edits and supports additive selection
  ✓  187 [mobile-chromium] › tests/e2e/theme-feedback.e2e.ts:88:3 › clipboard denial has visible localized feedback: en (641ms)
  ✓  188 [mobile-chromium] › tests/e2e/studio.e2e.ts:220:1 › Studio selects timeline labels and excludes sequence activation bars from focus targets (777ms)
  -  190 [mobile-chromium] › tests/e2e/studio.e2e.ts:244:1 › Studio resize handle previews, cancels, commits once and supports keyboard undo
  ✓  191 [mobile-chromium] › tests/e2e/studio.e2e.ts:279:1 › Studio outline selects nodes and relationships by keyboard without editing content (392ms)
  ✓  189 [mobile-chromium] › tests/e2e/theme-feedback.e2e.ts:4:3 › invalid theme edits preserve readable host and last valid preview: es (802ms)
  ✓  193 [mobile-chromium] › tests/e2e/theme-feedback.e2e.ts:61:5 › installation controls do not overlap: es 320 (542ms)
  ✓  192 [mobile-chromium] › tests/e2e/studio.e2e.ts:300:1 › Studio system clipboard validates fragments and handles denied access without edits (1.1s)
  ✓  194 [mobile-chromium] › tests/e2e/theme-feedback.e2e.ts:61:5 › installation controls do not overlap: es 360 (873ms)
  ✓  195 [mobile-chromium] › tests/e2e/studio.e2e.ts:361:1 › Studio exports local semantic and brand icons as self-contained SVG and raster (446ms)
  ✓  196 [mobile-chromium] › tests/e2e/theme-feedback.e2e.ts:61:5 › installation controls do not overlap: es 390 (555ms)
  ✓  197 [mobile-chromium] › tests/e2e/studio.e2e.ts:401:1 › Studio aligns a selection in one undoable transaction (585ms)
  ✓  198 [mobile-chromium] › tests/e2e/theme-feedback.e2e.ts:88:3 › clipboard denial has visible localized feedback: es (465ms)
  ✓  199 [mobile-chromium] › tests/e2e/studio.e2e.ts:418:1 › Studio exposes eight resize directions with anchored keyboard edits (495ms)
  -  201 [mobile-chromium] › tests/e2e/studio.e2e.ts:442:1 › Studio northwest resize anchors at zoom and locked nodes hide handles
  -  202 [mobile-chromium] › tests/e2e/studio.e2e.ts:480:1 › Studio resizes a whole selection from one anchored handle in a single undoable edit
  -  203 [mobile-chromium] › tests/e2e/studio.e2e.ts:534:1 › low zoom keeps every painted resize marker on its own actionable target
  -  204 [mobile-chromium] › tests/e2e/studio.e2e.ts:623:1 › low zoom resize keeps the opposite anchor, distinguishes body drags and undoes once
  -  205 [mobile-chromium] › tests/e2e/studio.e2e.ts:693:1 › Studio selects connections and edits manual routes through draggable waypoints and anchors
  ✓  200 [mobile-chromium] › tests/e2e/theme-feedback.e2e.ts:105:1 › locale toggle persists independently and blocked storage falls back safely (751ms)
(node:56055) Warning: The 'NO_COLOR' env is ignored due to the 'FORCE_COLOR' env being set.
(Use `node --trace-warnings ...` to show where the warning was created)
  ✓  206 [mobile-chromium] › tests/e2e/studio.e2e.ts:730:1 › Studio recovers drafts, quarantines corrupt copies and supports save-as (700ms)
  -  208 [mobile-chromium] › tests/e2e/studio.e2e.ts:768:1 › Studio relayout previews, applies in one undoable edit and cancels cleanly
  ✓  207 [chromium] › tests/e2e/adoption.e2e.ts:4:1 › landing links reach adoption tools and editors mount only on demand (522ms)
  ✓  210 [chromium] › tests/e2e/adoption.e2e.ts:19:1 › capabilities are a static section with no disclosure pattern (209ms)
  -  211 [chromium] › tests/e2e/adoption.e2e.ts:29:1 › landing presentation preserves both locales and themes at narrow and desktop widths
  ✓  209 [mobile-chromium] › tests/e2e/studio.e2e.ts:809:1 › Studio edits graph ports and ER table fields through the structured inspector (1.3s)
(node:56066) Warning: The 'NO_COLOR' env is ignored due to the 'FORCE_COLOR' env being set.
(Use `node --trace-warnings ...` to show where the warning was created)
  ✓  212 [chromium] › tests/e2e/diagram-backdrop.e2e.ts:186:1 › gallery cards use one masked backdrop and never mask the diagram (1.3s)
  ✓  213 [chromium] › tests/e2e/diagram-labels.e2e.ts:88:7 › example-sequence EN keeps labels inside pills at ~50% (302ms)
  ✓  214 [chromium] › tests/e2e/diagram-backdrop.e2e.ts:306:1 › the scale instrument detects height-limited framing (371ms)
  ✓  215 [chromium] › tests/e2e/diagram-labels.e2e.ts:88:7 › example-sequence EN keeps labels inside pills at ~100% (324ms)
  ✓  216 [chromium] › tests/e2e/diagram-backdrop.e2e.ts:335:1 › cropped landing showcases hint the crop without masking the SVG (214ms)
  ✓  217 [chromium] › tests/e2e/diagram-labels.e2e.ts:88:7 › example-sequence EN keeps labels inside pills at ~200% (401ms)
  ✓  219 [chromium] › tests/e2e/diagram-labels.e2e.ts:88:7 › example-sequence ES keeps labels inside pills at ~50% (243ms)
  ✓  218 [chromium] › tests/e2e/diagram-backdrop.e2e.ts:366:1 › docs previews use one masked backdrop, fitted with no amputation (628ms)
  ✓  220 [chromium] › tests/e2e/diagram-labels.e2e.ts:88:7 › example-sequence ES keeps labels inside pills at ~100% (323ms)
  ✓  221 [chromium] › tests/e2e/diagram-backdrop.e2e.ts:428:1 › contrast instrument detects invisible paint, dimmed groups and SVG surfaces (272ms)
  ✓  222 [chromium] › tests/e2e/diagram-labels.e2e.ts:88:7 › example-sequence ES keeps labels inside pills at ~200% (399ms)
  ✓  223 [chromium] › tests/e2e/diagram-backdrop.e2e.ts:518:1 › nodes are opaque and semantic strokes keep 3:1 over their surface (383ms)
  ✓  224 [chromium] › tests/e2e/diagram-labels.e2e.ts:88:7 › example-band EN keeps labels inside pills at ~50% (265ms)
  ✓  225 [chromium] › tests/e2e/diagram-backdrop.e2e.ts:543:1 › lifelines, lanes, ER separators and states stay above the dots (511ms)
  ✓  226 [chromium] › tests/e2e/diagram-labels.e2e.ts:88:7 › example-band EN keeps labels inside pills at ~100% (304ms)
  ✓  228 [chromium] › tests/e2e/diagram-labels.e2e.ts:88:7 › example-band EN keeps labels inside pills at ~200% (395ms)
  ✓  229 [chromium] › tests/e2e/diagram-labels.e2e.ts:88:7 › example-band ES keeps labels inside pills at ~50% (288ms)
  ✓  230 [chromium] › tests/e2e/diagram-labels.e2e.ts:88:7 › example-band ES keeps labels inside pills at ~100% (289ms)
  ✓  227 [chromium] › tests/e2e/diagram-backdrop.e2e.ts:582:1 › every editor structure keeps 3:1 in both themes (1.2s)
  ✓  231 [chromium] › tests/e2e/diagram-labels.e2e.ts:88:7 › example-band ES keeps labels inside pills at ~200% (386ms)
  ✓  232 [chromium] › tests/e2e/diagram-backdrop.e2e.ts:603:1 › editor grid is one masked viewport layer and the document grid stays out (205ms)
  ✓  233 [chromium] › tests/e2e/diagram-labels.e2e.ts:103:1 › the exported SVG centers labels and keeps them inside the pill (418ms)
  ✓  234 [chromium] › tests/e2e/docs-react.e2e.ts:4:1 › React docs preserve shell, sidebar scroll, history, metadata and focus without document reloads (581ms)
  ✓  235 [chromium] › tests/e2e/diagram-labels.e2e.ts:140:1 › the longest shipped lane label fits its header with loaded fonts (222ms)
  ✓  236 [chromium] › tests/e2e/docs-react.e2e.ts:61:1 › system theme follows OS, persists explicit selection and synchronizes tabs (717ms)
  ✓  238 [chromium] › tests/e2e/docs-react.e2e.ts:87:1 › blocked preference storage still allows theme changes and keyboard selection (340ms)
  ✓  239 [chromium] › tests/e2e/docs-react.e2e.ts:109:1 › Geist reading rhythm excludes diagrams and fonts survive standalone export (399ms)
  ✓  240 [chromium] › tests/e2e/docs-react.e2e.ts:144:1 › explicit example actions stay operable and code scroll uses a bounded viewport (459ms)
  ✓  241 [chromium] › tests/e2e/docs-react.e2e.ts:171:1 › unknown routes, malformed anchors and readable long source never break the docs shell (394ms)
  ✓  242 [chromium] › tests/e2e/docs-react.e2e.ts:197:1 › repeated example toggles never leave hidden focusable content behind (420ms)
  ✓  243 [chromium] › tests/e2e/docs-react.e2e.ts:213:1 › reading scroll remains native for wheel and touch gestures (379ms)
  ✓  244 [chromium] › tests/e2e/docs-react.e2e.ts:249:1 › returning during a pending route aborts the request and clears the busy state (350ms)
  ✓  245 [chromium] › tests/e2e/docs-react.e2e.ts:265:1 › headers keep one Docs label, compact theme controls and icon-only GitHub with one home license mention (458ms)
  ✓  246 [chromium] › tests/e2e/docs-react.e2e.ts:295:1 › installation uses colored brand tabs, an underline, icon-only copy and a separate shell prompt (982ms)
  ✓  237 [chromium] › tests/e2e/docs.e2e.ts:7:1 › docs navigation, real previews, downloads and heading anchors are complete (5.9s)
  ✓  247 [chromium] › tests/e2e/docs-react.e2e.ts:374:1 › formal web scale bounds headings, installation icons and headers across viewports (1.0s)
  ✓  249 [chromium] › tests/e2e/docs-react.e2e.ts:429:1 › ER type and unique annotations do not overlap each other or field names (272ms)
  ✓  248 [chromium] › tests/e2e/docs.e2e.ts:49:1 › documentation previews open the relevant playground section (405ms)
  ✓  251 [chromium] › tests/e2e/docs.e2e.ts:61:1 › search supports keyboard navigation, empty results and versioned pages (656ms)
  ✓  250 [chromium] › tests/e2e/docs-react.e2e.ts:449:1 › architecture showcase switches concrete service flows, failures and locales without stale selection (1.4s)
  ✓  252 [chromium] › tests/e2e/docs.e2e.ts:85:1 › package manager preference is shared with playground and survives invalid storage (769ms)
  ✓  254 [chromium] › tests/e2e/docs.e2e.ts:118:1 › copy uses the selected command and provides real clipboard feedback (476ms)
  ✓  255 [chromium] › tests/e2e/docs.e2e.ts:142:3 › light docs have restrained Geist controls, accessible contrast and no page overflow (766ms)
  ✓  256 [chromium] › tests/e2e/docs.e2e.ts:142:3 › dark docs have restrained Geist controls, accessible contrast and no page overflow (762ms)
  -  257 [chromium] › tests/e2e/docs.e2e.ts:195:1 › mobile navigation is a static section with no disclosure and works without JavaScript
  ✓  253 [chromium] › tests/e2e/drafts.e2e.ts:9:1 › opt-in raw draft recovery is explicit and validates before applying (2.9s)
  ✓  258 [chromium] › tests/e2e/docs.e2e.ts:230:3 › light layout previews preserve geometry, center plain labels and mask the grid under nodes (1.8s)
  ✓  259 [chromium] › tests/e2e/drafts.e2e.ts:33:1 › raw invalid edits survive locale round trips without persistence (1.2s)
  ✓  261 [chromium] › tests/e2e/drafts.e2e.ts:56:1 › blocked draft storage shows a warning and oversized counts retain preview (764ms)
  ✓  262 [chromium] › tests/e2e/drafts.e2e.ts:78:1 › a shared locale opens without overwriting a saved local draft (451ms)
  ✓  260 [chromium] › tests/e2e/docs.e2e.ts:230:3 › dark layout previews preserve geometry, center plain labels and mask the grid under nodes (1.8s)
  ✓  263 [chromium] › tests/e2e/editor-accessibility.e2e.ts:11:1 › T44.1 the full editing workflow runs with the keyboard alone (463ms)
  ✓  264 [chromium] › tests/e2e/editor-accessibility.e2e.ts:58:1 › T44.2 editor shortcuts do not hijack keys while focus is outside the canvas (245ms)
  ✓  266 [chromium] › tests/e2e/editor-accessibility.e2e.ts:73:1 › T44.2 the editor stays operable and unclipped at 200% page zoom (196ms)
  ✓  267 [chromium] › tests/e2e/editor-accessibility.e2e.ts:110:1 › T44.3 viewer, lenses, collapse, story and M3 controls have no serious axe violations (1.5s)
  ✓  265 [chromium] › tests/e2e/editor-cards.e2e.ts:42:1 › T41.1 route and reach cards decode at 1200x630 with an exact non-canonical receipt (2.4s)
  ✓  269 [chromium] › tests/e2e/editor-cards.e2e.ts:78:1 › T41.1 the card SVG fits the whole graph, marks exact parallel ids and reports canonical=false (9ms)
  ✓  268 [chromium] › tests/e2e/editor-compare.e2e.ts:114:1 › T49.2 before/delta/after navigation keeps exact IDs and exports a receipt (728ms)
  ✓  271 [chromium] › tests/e2e/editor-compare.e2e.ts:169:1 › T49.2 an incompatible document rejects without mutating the preview (190ms)
  ✓  270 [chromium] › tests/e2e/editor-connections.e2e.ts:12:1 › drag from the connect handle to a target creates one undoable relation (487ms)
  ✓  272 [chromium] › tests/e2e/editor-conversion.e2e.ts:24:1 › T53.2 cancel keeps the document, draft and saved copy untouched (410ms)
  ✓  273 [chromium] › tests/e2e/editor-connections.e2e.ts:39:1 › dropping the connect drag on empty canvas cancels without changes (414ms)
  ✓  275 [chromium] › tests/e2e/editor-connections.e2e.ts:62:1 › keyboard connect mode links the focused target and Escape cancels (330ms)
  ✓  274 [chromium] › tests/e2e/editor-conversion.e2e.ts:41:1 › T53.2 accepting opens a new graph document without overwriting the original (495ms)
  ✓  277 [chromium] › tests/e2e/editor-design.e2e.ts:5:5 › T45 en layout stays coherent at 360px (213ms)
  ✓  276 [chromium] › tests/e2e/editor-crud.e2e.ts:55:1 › T16.1 IME composition never commits intermediate text and applies once on confirm (362ms)
  ✓  278 [chromium] › tests/e2e/editor-design.e2e.ts:5:5 › T45 es layout stays coherent at 360px (250ms)
  ✓  279 [chromium] › tests/e2e/editor-crud.e2e.ts:82:1 › T16.1 composition left unconfirmed persists nothing (278ms)
  ✓  280 [chromium] › tests/e2e/editor-design.e2e.ts:5:5 › T45 en layout stays coherent at 768px (221ms)
  ✓  281 [chromium] › tests/e2e/editor-crud.e2e.ts:99:1 › T16.1 labels stay literal text without executing markup (330ms)
  ✓  282 [chromium] › tests/e2e/editor-design.e2e.ts:5:5 › T45 es layout stays coherent at 768px (220ms)
  ✓  284 [chromium] › tests/e2e/editor-design.e2e.ts:5:5 › T45 en layout stays coherent at 1440px (224ms)
  ✓  283 [chromium] › tests/e2e/editor-crud.e2e.ts:124:1 › T16.1 the JSON draft stays uncommitted while text is composed (266ms)
  ✓  285 [chromium] › tests/e2e/editor-design.e2e.ts:5:5 › T45 es layout stays coherent at 1440px (243ms)
  ✓  286 [chromium] › tests/e2e/editor-crud.e2e.ts:145:1 › portable composition event adapter preserves the draft until explicit apply (313ms)
  ✓  288 [chromium] › tests/e2e/editor-export-failures.e2e.ts:15:1 › T28.2 exported SVG reparses as well-formed XML with resolvable ids and no handlers (280ms)
  ✓  287 [chromium] › tests/e2e/editor-drag.e2e.ts:47:3 › drag moves example-flowchart and persists with one undo entry (531ms)
  ✓  289 [chromium] › tests/e2e/editor-export-failures.e2e.ts:45:1 › T29.2 raster image failures report precise codes and a retry succeeds (364ms)
  ✓  290 [chromium] › tests/e2e/editor-drag.e2e.ts:47:3 › drag moves example-er and persists with one undo entry (522ms)
  ✓  291 [chromium] › tests/e2e/editor-export-failures.e2e.ts:75:1 › T29.2 a null canvas blob fails encoding without reporting success (346ms)
  ✓  293 [chromium] › tests/e2e/editor-export-failures.e2e.ts:88:1 › T39.2 exports keep notes, links and extensions out of the SVG and JSON carries source (434ms)
  ✓  292 [chromium] › tests/e2e/editor-drag.e2e.ts:47:3 › drag moves example-state-machine and persists with one undo entry (536ms)
  ✓  294 [chromium] › tests/e2e/editor-formats.e2e.ts:5:1 › T42.1 a browser without real WebP disables the format instead of renaming a PNG (203ms)
  ✓  296 [chromium] › tests/e2e/editor-formats.e2e.ts:20:1 › T42.1 a WebP encode that returns PNG fails with export.mime and downloads nothing (324ms)
  ✓  297 [chromium] › tests/e2e/editor-formats.e2e.ts:42:1 › T42.1 JPEG never silently changes a transparent background (1ms)
  ✓  295 [chromium] › tests/e2e/editor-drag.e2e.ts:47:3 › drag moves example-band and persists with one undo entry (530ms)
  ✓  298 [chromium] › tests/e2e/editor-grid-order.e2e.ts:102:1 › the grid layer paints below the confirmed geometry (196ms)
  ✓  299 [chromium] › tests/e2e/editor-drag.e2e.ts:47:3 › drag moves example-swimlane and persists with one undo entry (532ms)
  ✓  300 [chromium] › tests/e2e/editor-grid-order.e2e.ts:129:1 › toggling the grid never changes opaque card interiors (812ms)
  ✓  301 [chromium] › tests/e2e/editor-drag.e2e.ts:47:3 › drag moves example-sequence and persists with one undo entry (529ms)
  ✓  303 [chromium] › tests/e2e/editor-drag.e2e.ts:47:3 › drag moves example-timeline and persists with one undo entry (479ms)
  ✓  302 [chromium] › tests/e2e/editor-grid-order.e2e.ts:178:1 › undo restores the dragged node and does not touch the grid state (931ms)
  ✓  304 [chromium] › tests/e2e/editor-drag.e2e.ts:70:1 › dragging an imported graph node persists its scene position (480ms)
  ✓  306 [chromium] › tests/e2e/editor-drag.e2e.ts:100:1 › drag previews and commits updated connections (469ms)
  ✓  305 [chromium] › tests/e2e/editor-grid-order.e2e.ts:240:1 › the gesture preview also ignores the grid on card interiors (728ms)
  ✓  307 [chromium] › tests/e2e/editor-drag.e2e.ts:113:1 › a locked node refuses to move (479ms)
  ✓  308 [chromium] › tests/e2e/editor-grid.e2e.ts:143:1 › grid covers the viewport in every corner and reacts to pan and resize (508ms)
  ✓  309 [chromium] › tests/e2e/editor-drag.e2e.ts:125:1 › a canceled drag rolls back with no history entry (364ms)
  ✓  310 [chromium] › tests/e2e/editor-grid.e2e.ts:211:1 › Show grid removes the single grid layer everywhere (244ms)
  ✓  311 [chromium] › tests/e2e/editor-drag.e2e.ts:150:1 › Pan mode drags the camera and leaves the document untouched (414ms)
  ✓  312 [chromium] › tests/e2e/editor-html.e2e.ts:64:1 › T38.1 the artifact works from file:// with zero network and zero storage (1.0s)
  ✓  313 [chromium] › tests/e2e/editor-motion.e2e.ts:81:1 › T52.1 a supported codec records a decodable, bounded file with no camera access (1.3s)
  ✓  314 [chromium] › tests/e2e/editor-html.e2e.ts:142:1 › T38.2 malicious labels stay data and the source JSON only travels explicitly (755ms)
  ✓  315 [chromium] › tests/e2e/editor-motion.e2e.ts:158:1 › T52.2 reduced motion, missing codecs and cancellation never report a false success (175ms)
  ✓  317 [chromium] › tests/e2e/editor-motion.e2e.ts:175:1 › T52.2 a browser without a WebM codec disables recording instead of producing a file (211ms)
  ✓  318 [chromium] › tests/e2e/editor-motion.e2e.ts:193:1 › T52.2 cancelling a recording releases the canvas tracks without a download (301ms)
  ✓  316 [chromium] › tests/e2e/editor-profiles.e2e.ts:76:1 › T51.2 an invalid deployment profile is not auto-disabled and its diagnostics navigate (762ms)
  ✓  319 [chromium] › tests/e2e/editor-quality.e2e.ts:73:1 › T36.2 publish export measures long labels with embedded fonts without clipping (312ms)
  ✓  320 [chromium] › tests/e2e/editor-security.e2e.ts:9:1 › T55.2 forged storage is quarantined without executing its payload (345ms)
  ✓  321 [chromium] › tests/e2e/editor-quality.e2e.ts:105:1 › T36.2 missing font metrics surface an actionable error and never a false success (327ms)
  ✓  322 [chromium] › tests/e2e/editor-security.e2e.ts:39:1 › T55.2 hostile imports stay literal and dangerous schemes are rejected before layout (300ms)
  ✓  324 [chromium] › tests/e2e/editor-theme.e2e.ts:58:3 › global theme reaches every example-band surface (298ms)
  ✓  325 [chromium] › tests/e2e/editor-theme.e2e.ts:58:3 › global theme reaches every example-flowchart surface (296ms)
  ✓  326 [chromium] › tests/e2e/editor-theme.e2e.ts:58:3 › global theme reaches every example-sequence surface (279ms)
  ✓  323 [chromium] › tests/e2e/editor-share.e2e.ts:69:1 › T40.2 an oversized share link offers a local JSON download and never announces success (1.2s)
  ✓  327 [chromium] › tests/e2e/editor-theme.e2e.ts:58:3 › global theme reaches every example-state-machine surface (298ms)
  ✓  328 [chromium] › tests/e2e/editor-share.e2e.ts:89:1 › T40.2 a denied clipboard falls back to the JSON download message without a false success (285ms)
  ✓  329 [chromium] › tests/e2e/editor-theme.e2e.ts:58:3 › global theme reaches every example-er surface (298ms)
  ✓  331 [chromium] › tests/e2e/editor-theme.e2e.ts:58:3 › global theme reaches every example-timeline surface (267ms)
  ✓  330 [chromium] › tests/e2e/editor-share.e2e.ts:104:1 › T40.2 a shared link opens the shared document in a fresh context (716ms)
  ✓  332 [chromium] › tests/e2e/editor-theme.e2e.ts:58:3 › global theme reaches every example-swimlane surface (281ms)
  ✓  334 [chromium] › tests/e2e/editor-theme.e2e.ts:70:1 › theme switch is not a document edit and never exposes a second control (273ms)
  ✓  335 [chromium] › tests/e2e/editor-theme.e2e.ts:89:1 › an imported light document renders dark under the dark host without rewriting JSON (267ms)
  ✓  333 [chromium] › tests/e2e/editor-toolbar.e2e.ts:67:5 › toolbar never overlaps or clips at 390px (en) (588ms)
  ✓  336 [chromium] › tests/e2e/editor-touch.e2e.ts:3:1 › two-finger pinch pans and zooms without committing node edits (264ms)
  ✓  337 [chromium] › tests/e2e/editor-toolbar.e2e.ts:67:5 › toolbar never overlaps or clips at 390px (es) (623ms)
  ✓  338 [chromium] › tests/e2e/editor-touch.e2e.ts:43:1 › ordinary wheel scrolls the page and modified wheel zooms only the canvas (432ms)
  ✓  340 [chromium] › tests/e2e/editor-touch.e2e.ts:66:1 › Space drag pans without moving nodes or creating undo entries (297ms)
  ✓  339 [chromium] › tests/e2e/editor-toolbar.e2e.ts:67:5 › toolbar never overlaps or clips at 768px (en) (578ms)
  ✓  341 [chromium] › tests/e2e/editor-touch.e2e.ts:90:1 › long touch selects without dragging, opening callouts or committing edits (917ms)
  ✓  342 [chromium] › tests/e2e/editor-toolbar.e2e.ts:67:5 › toolbar never overlaps or clips at 768px (es) (729ms)
  ✓  343 [chromium] › tests/e2e/editor-viewer-e14.e2e.ts:3:1 › T33.1 lens dims by roles without touching topology, collapse keeps original edge IDs (386ms)
  ✓  344 [chromium] › tests/e2e/editor-toolbar.e2e.ts:67:5 › toolbar never overlaps or clips at 1280px (en) (696ms)
  ✓  346 [chromium] › tests/e2e/editor-toolbar.e2e.ts:67:5 › toolbar never overlaps or clips at 1280px (es) (624ms)
  ✓  347 [chromium] › tests/e2e/editor-toolbar.e2e.ts:67:5 › toolbar never overlaps or clips at 1440px (en) (589ms)
  ✓  348 [chromium] › tests/e2e/editor-toolbar.e2e.ts:67:5 › toolbar never overlaps or clips at 1440px (es) (638ms)
  ✓  349 [chromium] › tests/e2e/editor-toolbar.e2e.ts:67:5 › toolbar never overlaps or clips at 1920px (en) (596ms)
  ✓  350 [chromium] › tests/e2e/editor-toolbar.e2e.ts:67:5 › toolbar never overlaps or clips at 1920px (es) (669ms)
  ✓  345 [chromium] › tests/e2e/editor-viewer-e14.e2e.ts:38:1 › T34.2 story playback is finite, manual and stops on Escape, hidden tab and reduced motion (3.6s)
  ✓  351 [chromium] › tests/e2e/editor-viewer.e2e.ts:82:1 › T32.1 finder orders results deterministically and announces zero results (277ms)
  ✓  352 [chromium] › tests/e2e/editor-viewer-e14.e2e.ts:77:1 › T34.2 reduced motion shows static steps with working Next/Previous and disables Play (400ms)
  ✓  353 [chromium] › tests/e2e/editor-viewer.e2e.ts:111:1 › T32.1 parallel relations keep their exact IDs in the inspector (335ms)
  ✓  354 [chromium] › tests/e2e/editor-viewer-e14.e2e.ts:95:1 › T35.1 presentation falls back when fullscreen is denied and restores focus on exit (416ms)
  ✓  355 [chromium] › tests/e2e/editor-viewer.e2e.ts:129:1 › T32.2 a stale query invalidates highlight and export when the document changes (419ms)
  ✓  357 [chromium] › tests/e2e/editor-viewer.e2e.ts:154:1 › camera fit centers the diagram and the minimap scales inside its frame (186ms)
  ✓  356 [chromium] › tests/e2e/editor-viewport.e2e.ts:19:5 › viewport math under transforms › retina DPR 2 › T07.2 a screen drag applies the world delta once without double transformation (435ms)
  ✓  358 [chromium] › tests/e2e/editor-viewer.e2e.ts:180:1 › viewer entry loads Geist and the shared host tokens over a viewport backdrop (311ms)
  ✓  359 [chromium] › tests/e2e/editor-viewport.e2e.ts:30:3 › viewport math under transforms › T07.2 CSS-scaled canvas with letterbox maps screen deltas through the CTM (367ms)
  ✓  361 [chromium] › tests/e2e/editor-viewport.e2e.ts:52:1 › T08.1 the middle mouse button pans the camera without touching the document (339ms)
  ✓  360 [chromium] › tests/e2e/light-theme.e2e.ts:5:1 › light surfaces and diagram detail survive theme switches and SVG export (564ms)
  ✓  362 [chromium] › tests/e2e/editor-viewport.e2e.ts:71:1 › T09.1 a node id equal to an edge id stays a distinct selectable entity (475ms)
  ✘  364 [chromium] › tests/e2e/editor-viewport.e2e.ts:98:1 › the gesture baseline refreshes after content changes between drags (4.8m)
  ✘  363 [chromium] › tests/e2e/light-theme.e2e.ts:46:3 › light band text and controls retain accessible contrast (4.8m)
(node:56374) Warning: The 'NO_COLOR' env is ignored due to the 'FORCE_COLOR' env being set.
(Use `node --trace-warnings ...` to show where the warning was created)
(node:56376) Warning: The 'NO_COLOR' env is ignored due to the 'FORCE_COLOR' env being set.
(Use `node --trace-warnings ...` to show where the warning was created)
  ✓  365 [chromium] › tests/e2e/onboarding.e2e.ts:3:1 › release onboarding is explicit and generated pages link to their source (588ms)
  ✓  367 [chromium] › tests/e2e/onboarding.e2e.ts:20:1 › static discovery metadata and missing-page recovery are usable without JavaScript (337ms)
  ✓  368 [chromium] › tests/e2e/playground-editor.e2e.ts:3:1 › direct playground entry loads shared styles and the editor workspace (202ms)
  ✓  366 [chromium] › tests/e2e/light-theme.e2e.ts:46:3 › dark band text and controls retain accessible contrast (1.0s)
  ✓  369 [chromium] › tests/e2e/playground-editor.e2e.ts:37:1 › playground edits the document, undoes and keeps drafts per type (565ms)
  ✓  370 [chromium] › tests/e2e/playground.e2e.ts:6:1 › seven types render with unique SVG IDs in both themes (424ms)
  ✓  371 [chromium] › tests/e2e/playground-editor.e2e.ts:86:1 › a deferred import cannot land on a different example (1.2s)
  ✓  372 [chromium] › tests/e2e/playground.e2e.ts:36:1 › invalid JSON retains the last valid preview and draft across tabs (1.2s)
  ✓  373 [chromium] › tests/e2e/playground-editor.e2e.ts:122:1 › import confirms the history reset and reports the applied result (216ms)
  ✓  375 [chromium] › tests/e2e/playground-editor.e2e.ts:147:1 › invalid JSON keeps the last valid canvas and shows diagnostics (285ms)
  ✓  374 [chromium] › tests/e2e/playground.e2e.ts:54:1 › share roundtrip restores spec and locale (486ms)
  ✓  376 [chromium] › tests/e2e/playground-editor.e2e.ts:160:1 › camera zoom and pan survive example switching and Fit still works (635ms)
  ✓  377 [chromium] › tests/e2e/playground.e2e.ts:65:1 › panel exports JSON, SVG and PNG (672ms)
  ✓  378 [chromium] › tests/e2e/playground-editor.e2e.ts:201:1 › keyboard selects a node in the editor and Escape clears it (304ms)
  -  380 [chromium] › tests/e2e/presentation-assets.e2e.ts:5:1 › regenerate presentation assets from the public playground
  ✓  379 [chromium] › tests/e2e/playground.e2e.ts:78:1 › static docs and agent entrypoint work without JavaScript (486ms)
  ✓  382 [chromium] › tests/e2e/playground.e2e.ts:89:1 › core page has no serious or critical accessibility violations (2.1s)
  ✓  383 [chromium] › tests/e2e/playground.e2e.ts:100:1 › compact diagram actions expose icons, integration prompt and one reusable export dropdown (737ms)
  ✓  384 [chromium] › tests/e2e/studio.e2e.ts:29:1 › Studio edits, undoes, validates drafts and restores a saved document (774ms)
  ✓  385 [chromium] › tests/e2e/studio.e2e.ts:54:1 › Studio pointer drag is one transaction and keyboard movement is undoable (443ms)
  ✓  386 [chromium] › tests/e2e/studio.e2e.ts:77:1 › Studio exports fresh SVG, PNG and JSON, supports both themes and Spanish (727ms)
  ✓  387 [chromium] › tests/e2e/studio.e2e.ts:116:1 › Studio creates, resizes, connects, duplicates and groups nodes (674ms)
  ✓  388 [chromium] › tests/e2e/studio.e2e.ts:150:1 › Studio visual evidence has loaded fonts, bounded controls and no horizontal overflow (417ms)
  ✓  389 [chromium] › tests/e2e/studio.e2e.ts:167:1 › Studio has no serious automated accessibility violations in either theme (1.6s)
  ✓  390 [chromium] › tests/e2e/studio.e2e.ts:182:1 › Studio marquee selects across zoom, cancels without edits and supports additive selection (693ms)
  ✓  391 [chromium] › tests/e2e/studio.e2e.ts:220:1 › Studio selects timeline labels and excludes sequence activation bars from focus targets (1.1s)
  ✓  392 [chromium] › tests/e2e/studio.e2e.ts:244:1 › Studio resize handle previews, cancels, commits once and supports keyboard undo (1.6s)
  ✓  393 [chromium] › tests/e2e/studio.e2e.ts:279:1 › Studio outline selects nodes and relationships by keyboard without editing content (648ms)
  ✓  394 [chromium] › tests/e2e/studio.e2e.ts:300:1 › Studio system clipboard validates fragments and handles denied access without edits (1.4s)
  ✓  395 [chromium] › tests/e2e/studio.e2e.ts:361:1 › Studio exports local semantic and brand icons as self-contained SVG and raster (850ms)
  ✓  396 [chromium] › tests/e2e/studio.e2e.ts:401:1 › Studio aligns a selection in one undoable transaction (808ms)
  ✓  397 [chromium] › tests/e2e/studio.e2e.ts:418:1 › Studio exposes eight resize directions with anchored keyboard edits (580ms)
  ✓  398 [chromium] › tests/e2e/studio.e2e.ts:442:1 › Studio northwest resize anchors at zoom and locked nodes hide handles (591ms)
  ✓  399 [chromium] › tests/e2e/studio.e2e.ts:480:1 › Studio resizes a whole selection from one anchored handle in a single undoable edit (591ms)
  ✘  400 [chromium] › tests/e2e/studio.e2e.ts:534:1 › low zoom keeps every painted resize marker on its own actionable target (3.7m)
(node:56480) Warning: The 'NO_COLOR' env is ignored due to the 'FORCE_COLOR' env being set.
(Use `node --trace-warnings ...` to show where the warning was created)
  ✘  381 [chromium] › tests/e2e/snapshots.e2e.ts:17:1 › frozen A remains complete after rebuilding and serving only B (4.3m)
(node:56486) Warning: The 'NO_COLOR' env is ignored due to the 'FORCE_COLOR' env being set.
(Use `node --trace-warnings ...` to show where the warning was created)
  ✓  401 [chromium] › tests/e2e/studio.e2e.ts:623:1 › low zoom resize keeps the opposite anchor, distinguishes body drags and undoes once (1.3s)
  ✓  403 [chromium] › tests/e2e/studio.e2e.ts:693:1 › Studio selects connections and edits manual routes through draggable waypoints and anchors (529ms)
  ✓  402 [chromium] › tests/e2e/theme-feedback.e2e.ts:4:3 › invalid theme edits preserve readable host and last valid preview: en (594ms)
  ✓  405 [chromium] › tests/e2e/theme-feedback.e2e.ts:61:5 › installation controls do not overlap: en 320 (350ms)
  ✓  404 [chromium] › tests/e2e/studio.e2e.ts:730:1 › Studio recovers drafts, quarantines corrupt copies and supports save-as (677ms)
  ✓  406 [chromium] › tests/e2e/theme-feedback.e2e.ts:61:5 › installation controls do not overlap: en 360 (379ms)
  ✓  408 [chromium] › tests/e2e/theme-feedback.e2e.ts:61:5 › installation controls do not overlap: en 390 (362ms)
  ✓  407 [chromium] › tests/e2e/studio.e2e.ts:768:1 › Studio relayout previews, applies in one undoable edit and cancels cleanly (702ms)
  ✓  409 [chromium] › tests/e2e/theme-feedback.e2e.ts:88:3 › clipboard denial has visible localized feedback: en (309ms)
  ✓  411 [chromium] › tests/e2e/theme-feedback.e2e.ts:4:3 › invalid theme edits preserve readable host and last valid preview: es (604ms)
  ✓  410 [chromium] › tests/e2e/studio.e2e.ts:809:1 › Studio edits graph ports and ER table fields through the structured inspector (923ms)
  ✓  412 [chromium] › tests/e2e/theme-feedback.e2e.ts:61:5 › installation controls do not overlap: es 320 (488ms)
  ✓  413 [chromium] › tests/e2e/theme-feedback.e2e.ts:61:5 › installation controls do not overlap: es 360 (616ms)
  ✓  414 [chromium] › tests/e2e/theme-feedback.e2e.ts:61:5 › installation controls do not overlap: es 390 (789ms)
  ✓  415 [chromium] › tests/e2e/theme-feedback.e2e.ts:88:3 › clipboard denial has visible localized feedback: es (703ms)
  ✓  416 [chromium] › tests/e2e/theme-feedback.e2e.ts:105:1 › locale toggle persists independently and blocked storage falls back safely (1.6s)


  1) [chromium] › tests/e2e/editor-viewport.e2e.ts:98:1 › the gesture baseline refreshes after content changes between drags 

    Test timeout of 45000ms exceeded.

    Error: mouse.move: Test timeout of 45000ms exceeded.

      113 |     await page.mouse.move(box.x + box.width / 2, box.y + box.height / 2)
      114 |     await page.mouse.down()
    > 115 |     await page.mouse.move(box.x + box.width / 2 + steps, box.y + box.height / 2, { steps: 4 })
          |                      ^
      116 |     expect(await staticNode.evaluate((node) => node.isConnected)).toBe(true)
      117 |     await page.mouse.up()
      118 |   }
        at drag (/Users/alansalazar/development-projects/personal-proyects/aesthc-diagram-lib/tests/e2e/editor-viewport.e2e.ts:115:22)
        at /Users/alansalazar/development-projects/personal-proyects/aesthc-diagram-lib/tests/e2e/editor-viewport.e2e.ts:119:3

    attachment #1: screenshot (image/png) ──────────────────────────────────────────────────────────
    ../../../../../tmp/aesthc-audit-20261002/e2e-artifacts/editor-viewport.e2e.ts-the-327ca-ntent-changes-between-drags-chromium/test-failed-1.png
    ────────────────────────────────────────────────────────────────────────────────────────────────

    Error Context: ../../../../../tmp/aesthc-audit-20261002/e2e-artifacts/editor-viewport.e2e.ts-the-327ca-ntent-changes-between-drags-chromium/error-context.md

    attachment #3: trace (application/zip) ─────────────────────────────────────────────────────────
    ../../../../../tmp/aesthc-audit-20261002/e2e-artifacts/editor-viewport.e2e.ts-the-327ca-ntent-changes-between-drags-chromium/trace.zip
    Usage:

        pnpm exec playwright show-trace ../../../../../tmp/aesthc-audit-20261002/e2e-artifacts/editor-viewport.e2e.ts-the-327ca-ntent-changes-between-drags-chromium/trace.zip

    ────────────────────────────────────────────────────────────────────────────────────────────────

  2) [chromium] › tests/e2e/light-theme.e2e.ts:46:3 › light band text and controls retain accessible contrast 

    Test timeout of 45000ms exceeded.

    attachment #1: screenshot (image/png) ──────────────────────────────────────────────────────────
    ../../../../../tmp/aesthc-audit-20261002/e2e-artifacts/light-theme.e2e.ts-light-b-12310--retain-accessible-contrast-chromium/test-failed-1.png
    ────────────────────────────────────────────────────────────────────────────────────────────────

    Error Context: ../../../../../tmp/aesthc-audit-20261002/e2e-artifacts/light-theme.e2e.ts-light-b-12310--retain-accessible-contrast-chromium/error-context.md

    attachment #3: trace (application/zip) ─────────────────────────────────────────────────────────
    ../../../../../tmp/aesthc-audit-20261002/e2e-artifacts/light-theme.e2e.ts-light-b-12310--retain-accessible-contrast-chromium/trace.zip
    Usage:

        pnpm exec playwright show-trace ../../../../../tmp/aesthc-audit-20261002/e2e-artifacts/light-theme.e2e.ts-light-b-12310--retain-accessible-contrast-chromium/trace.zip

    ────────────────────────────────────────────────────────────────────────────────────────────────

  3) [chromium] › tests/e2e/snapshots.e2e.ts:17:1 › frozen A remains complete after rebuilding and serving only B 

    Error: spawnSync /Users/alansalazar/development-projects/personal-proyects/aesthc-diagram-lib/node_modules/.bin/tsx ETIMEDOUT

      89 |       timeout: 90_000,
      90 |     })
    > 91 |     execFileSync(join(root, 'node_modules/.bin/tsx'), ['scripts/render-doc-previews.tsx'], {
         |     ^
      92 |       cwd: directory,
      93 |       env,
      94 |       stdio: 'pipe',
        at /Users/alansalazar/development-projects/personal-proyects/aesthc-diagram-lib/tests/e2e/snapshots.e2e.ts:91:5

    Error Context: ../../../../../tmp/aesthc-audit-20261002/e2e-artifacts/snapshots.e2e.ts-frozen-A--53032-building-and-serving-only-B-chromium/error-context.md

    attachment #2: trace (application/zip) ─────────────────────────────────────────────────────────
    ../../../../../tmp/aesthc-audit-20261002/e2e-artifacts/snapshots.e2e.ts-frozen-A--53032-building-and-serving-only-B-chromium/trace.zip
    Usage:

        pnpm exec playwright show-trace ../../../../../tmp/aesthc-audit-20261002/e2e-artifacts/snapshots.e2e.ts-frozen-A--53032-building-and-serving-only-B-chromium/trace.zip

    ────────────────────────────────────────────────────────────────────────────────────────────────

  4) [chromium] › tests/e2e/studio.e2e.ts:534:1 › low zoom keeps every painted resize marker on its own actionable target 

    Test timeout of 45000ms exceeded.

    Error: locator.click: Test timeout of 45000ms exceeded.
    Call log:
      - waiting for getByRole('button', { name: 'Zoom out', exact: true })
        - locator resolved to <button type="button" aria-label="Zoom out">−</button>
      - attempting click action
        - waiting for element to be visible, enabled and stable
        - element is visible, enabled and stable
        - scrolling into view if needed
        - done scrolling


      13 |   const read = async () => Number.parseInt((await zoom.textContent()) ?? '100', 10)
      14 |   for (let step = 0; step < 16 && (await read()) > percent; step++) {
    > 15 |     await page.getByRole('button', { name: 'Zoom out', exact: true }).click()
         |                                                                       ^
      16 |   }
      17 |   return read()
      18 | }
        at zoomOutTo (/Users/alansalazar/development-projects/personal-proyects/aesthc-diagram-lib/tests/e2e/studio.e2e.ts:15:71)
        at /Users/alansalazar/development-projects/personal-proyects/aesthc-diagram-lib/tests/e2e/studio.e2e.ts:543:10

    attachment #1: screenshot (image/png) ──────────────────────────────────────────────────────────
    ../../../../../tmp/aesthc-audit-20261002/e2e-artifacts/studio.e2e.ts-low-zoom-kee-3a666-n-its-own-actionable-target-chromium/test-failed-1.png
    ────────────────────────────────────────────────────────────────────────────────────────────────

    Error Context: ../../../../../tmp/aesthc-audit-20261002/e2e-artifacts/studio.e2e.ts-low-zoom-kee-3a666-n-its-own-actionable-target-chromium/error-context.md

    attachment #3: trace (application/zip) ─────────────────────────────────────────────────────────
    ../../../../../tmp/aesthc-audit-20261002/e2e-artifacts/studio.e2e.ts-low-zoom-kee-3a666-n-its-own-actionable-target-chromium/trace.zip
    Usage:

        pnpm exec playwright show-trace ../../../../../tmp/aesthc-audit-20261002/e2e-artifacts/studio.e2e.ts-low-zoom-kee-3a666-n-its-own-actionable-target-chromium/trace.zip

    ────────────────────────────────────────────────────────────────────────────────────────────────

  4 failed
    [chromium] › tests/e2e/editor-viewport.e2e.ts:98:1 › the gesture baseline refreshes after content changes between drags 
    [chromium] › tests/e2e/light-theme.e2e.ts:46:3 › light band text and controls retain accessible contrast 
    [chromium] › tests/e2e/snapshots.e2e.ts:17:1 › frozen A remains complete after rebuilding and serving only B 
    [chromium] › tests/e2e/studio.e2e.ts:534:1 › low zoom keeps every painted resize marker on its own actionable target 
  51 skipped
  361 passed (11.1m)
 ELIFECYCLE  Command failed with exit code 1.
